// Jest Snapshot v1, https://goo.gl/fbAQLP

exports[`HomeView renders correctly 1`] = `
<div
  class="px-4"
>
  <portal-stub
    name="1"
    order="0"
    slotprops="[object Object]"
    tag="DIV"
    to="header-right-small"
  >
    <div
      class="flex items-center"
    >
      <button
        class="btn-round"
        title="Settings"
      >
        <settingsicon-stub
          arialabel="SettingsOutline icon"
          class="w-8 h-8"
          height="24"
          role="img"
          viewbox="0 0 24 24"
          width="24"
          xmlns="xmlns=\\"http://www.w3.org/2000/svg\\""
        />
      </button>
    </div>
  </portal-stub>
   
  <h2
    class="text-2xl"
  >
    Select your game mode.
  </h2>
   
  <div
    class="flex justify-around py-8 flex-wrap"
  >
    <div
      class="card-container"
    >
      <div
        class="card"
      >
        <div
          class="card-inner"
        >
          <schoolicon-stub
            arialabel="SchoolOutline icon"
            class="w-12 h-12"
            height="24"
            role="img"
            viewbox="0 0 24 24"
            width="24"
            xmlns="xmlns=\\"http://www.w3.org/2000/svg\\""
          />
           
          <h3>
            Training Mode
          </h3>
           
          <p>
            Get started reading treble and bass clefs.
          </p>
        </div>
      </div>
    </div>
     
    <div
      class="card-container"
    >
      <div
        class="card"
      >
        <div
          class="card-inner"
        >
          <gamepadicon-stub
            arialabel="GamepadSquareOutline icon"
            class="w-12 h-12"
            height="24"
            role="img"
            viewbox="0 0 24 24"
            width="24"
            xmlns="xmlns=\\"http://www.w3.org/2000/svg\\""
          />
           
          <h3>
            Arcade Mode
          </h3>
           
          <p>
            
						Hit as many correct notes as possible. You have three lives and 60
						seconds. Go!
					
          </p>
        </div>
      </div>
    </div>
  </div>
</div>
`;
